ARM Linker, 5.02 [Build 28] [MDK-ARM Lite]

==============================================================================

Section Cross References

    startup_lpc17xx.o(RESET) refers to startup_lpc17xx.o(STACK) for __initial_sp
    startup_lpc17xx.o(RESET) refers to startup_lpc17xx.o(.text) for Reset_Handler
    startup_lpc17xx.o(RESET) refers to uart.o(.text) for UART0_IRQHandler
    startup_lpc17xx.o(.text) refers to system_lpc17xx.o(.text) for SystemInit
    startup_lpc17xx.o(.text) refers to entry.o(.ARM.Collect$$$$00000000) for __main
    glcd_scroll.o(.text) refers to glcd_spi_lpc1700.o(.text) for GLCD_Init
    glcd_scroll.o(.text) refers to glcd_scroll.o(i.last_line) for last_line
    glcd_scroll.o(.text) refers to glcd_scroll.o(i.last_window_line) for last_window_line
    glcd_scroll.o(.text) refers to glcd_scroll.o(.data) for cache_start
    glcd_scroll.o(.text) refers to glcd_scroll.o(.bss) for chache
    glcd_spi_lpc1700.o(.text) refers to glcd_spi_lpc1700.o(.data) for Himax
    glcd_spi_lpc1700.o(.text) refers to glcd_spi_lpc1700.o(.constdata) for Font_6x8_h
    retarget.o(.text) refers to uart.o(.text) for UARTInit
    retarget.o(.text) refers to retarget.o(.data) for uart_init_called
    uart.o(.text) refers to uart.o(.data) for RcvLock0
    uart.o(.text) refers to uart.o(.bss) for UART0Buffer
    uart.o(.text) refers to system_lpc17xx.o(.data) for SystemCoreClock
    system_lpc17xx.o(.text) refers to uldiv.o(.text) for __aeabi_uldivmod
    system_lpc17xx.o(.text) refers to system_lpc17xx.o(.data) for SystemCoreClock
    entry.o(.ARM.Collect$$$$00000000) refers (Special) to entry7b.o(.ARM.Collect$$$$00000008) for _main_clock
    entry.o(.ARM.Collect$$$$00000000) refers (Special) to entry8.o(.ARM.Collect$$$$00000009) for _main_init
    entry.o(.ARM.Collect$$$$00000000) refers (Special) to entry5.o(.ARM.Collect$$$$00000004) for _main_scatterload
    entry.o(.ARM.Collect$$$$00000000) refers (Special) to entry2.o(.ARM.Collect$$$$00000001) for _main_stk
    uldiv.o(.text) refers to llushr.o(.text) for __aeabi_llsr
    uldiv.o(.text) refers to llshl.o(.text) for __aeabi_llsl
    entry2.o(.ARM.Collect$$$$00000001) refers to entry2.o(.ARM.Collect$$$$00002712) for __lit__00000000
    entry2.o(.ARM.Collect$$$$00002712) refers to startup_lpc17xx.o(STACK) for __initial_sp
    entry2.o(__vectab_stack_and_reset_area) refers to startup_lpc17xx.o(STACK) for __initial_sp
    entry2.o(__vectab_stack_and_reset_area) refers to entry.o(.ARM.Collect$$$$00000000) for __main
    entry5.o(.ARM.Collect$$$$00000004) refers to init.o(.text) for __scatterload
    entry8.o(.ARM.Collect$$$$00000009) refers to main.o(.text) for main
    init.o(.text) refers to entry5.o(.ARM.Collect$$$$00000004) for __main_after_scatterload
    glcd_scroll.o(i.last_line) refers to glcd_scroll.o(.data) for cache_start
    glcd_scroll.o(i.last_window_line) refers to glcd_scroll.o(.data) for window_start


==============================================================================

Removing Unused input sections from the image.

    Removing startup_lpc17xx.o(HEAP), (8192 bytes).
    Removing glcd_scroll.o(.rev16_text), (4 bytes).
    Removing glcd_scroll.o(.revsh_text), (4 bytes).
    Removing glcd_scroll.o(.text), (852 bytes).
    Removing glcd_scroll.o(.bss), (525 bytes).
    Removing glcd_scroll.o(.data), (20 bytes).
    Removing glcd_spi_lpc1700.o(.rev16_text), (4 bytes).
    Removing glcd_spi_lpc1700.o(.revsh_text), (4 bytes).
    Removing glcd_spi_lpc1700.o(.text), (2980 bytes).
    Removing glcd_spi_lpc1700.o(.constdata), (6272 bytes).
    Removing glcd_spi_lpc1700.o(.data), (5 bytes).
    Removing retarget.o(.text), (160 bytes).
    Removing retarget.o(.data), (12 bytes).
    Removing rtx_config.o(.text), (10 bytes).
    Removing rtx_config.o(.bss), (4060 bytes).
    Removing rtx_config.o(.data), (4 bytes).
    Removing uart.o(.rev16_text), (4 bytes).
    Removing uart.o(.revsh_text), (4 bytes).
    Removing main.o(.rev16_text), (4 bytes).
    Removing main.o(.revsh_text), (4 bytes).
    Removing system_lpc17xx.o(.rev16_text), (4 bytes).
    Removing system_lpc17xx.o(.revsh_text), (4 bytes).
    Removing glcd_scroll.o(i.last_line), (32 bytes).
    Removing glcd_scroll.o(i.last_window_line), (32 bytes).

24 unused section(s) (total 23196 bytes) removed from the image.

==============================================================================

Image Symbol Table

    Local Symbols

    Symbol Name                              Value     Ov Type        Size  Object(Section)

    RESET                                    0x00000000   Section      204  startup_lpc17xx.o(RESET)
    ../clib/microlib/division.c              0x00000000   Number         0  uldiv.o ABSOLUTE
    ../clib/microlib/init/entry.s            0x00000000   Number         0  entry.o ABSOLUTE
    ../clib/microlib/init/entry.s            0x00000000   Number         0  entry8.o ABSOLUTE
    ../clib/microlib/init/entry.s            0x00000000   Number         0  entry7b.o ABSOLUTE
    ../clib/microlib/init/entry.s            0x00000000   Number         0  entry7a.o ABSOLUTE
    ../clib/microlib/init/entry.s            0x00000000   Number         0  entry5.o ABSOLUTE
    ../clib/microlib/init/entry.s            0x00000000   Number         0  entry2.o ABSOLUTE
    ../clib/microlib/longlong.c              0x00000000   Number         0  llushr.o ABSOLUTE
    ../clib/microlib/longlong.c              0x00000000   Number         0  llshl.o ABSOLUTE
    C:\Software\Keil\ARM\Startup\NXP\LPC17xx\system_LPC17xx.c 0x00000000   Number         0  system_lpc17xx.o ABSOLUTE
    C:\\Software\\Keil\\ARM\\Startup\\NXP\\LPC17xx\\system_LPC17xx.c 0x00000000   Number         0  system_lpc17xx.o ABSOLUTE
    GLCD_SPI_LPC1700.c                       0x00000000   Number         0  glcd_spi_lpc1700.o ABSOLUTE
    GLCD_SPI_LPC1700.c                       0x00000000   Number         0  glcd_spi_lpc1700.o ABSOLUTE
    GLCD_Scroll.c                            0x00000000   Number         0  glcd_scroll.o ABSOLUTE
    GLCD_Scroll.c                            0x00000000   Number         0  glcd_scroll.o ABSOLUTE
    RTX_config.c                             0x00000000   Number         0  rtx_config.o ABSOLUTE
    Retarget.c                               0x00000000   Number         0  retarget.o ABSOLUTE
    dc.s                                     0x00000000   Number         0  dc.o ABSOLUTE
    handlers.s                               0x00000000   Number         0  handlers.o ABSOLUTE
    init.s                                   0x00000000   Number         0  init.o ABSOLUTE
    main.c                                   0x00000000   Number         0  main.o ABSOLUTE
    main.c                                   0x00000000   Number         0  main.o ABSOLUTE
    startup_LPC17xx.s                        0x00000000   Number         0  startup_lpc17xx.o ABSOLUTE
    uart.c                                   0x00000000   Number         0  uart.o ABSOLUTE
    uart.c                                   0x00000000   Number         0  uart.o ABSOLUTE
    .ARM.Collect$$$$00000000                 0x000000cc   Section        0  entry.o(.ARM.Collect$$$$00000000)
    .ARM.Collect$$$$00000001                 0x000000cc   Section        4  entry2.o(.ARM.Collect$$$$00000001)
    .ARM.Collect$$$$00000004                 0x000000d0   Section        4  entry5.o(.ARM.Collect$$$$00000004)
    .ARM.Collect$$$$00000008                 0x000000d4   Section        0  entry7b.o(.ARM.Collect$$$$00000008)
    .ARM.Collect$$$$00000009                 0x000000d4   Section        8  entry8.o(.ARM.Collect$$$$00000009)
    .ARM.Collect$$$$00002712                 0x000000dc   Section        4  entry2.o(.ARM.Collect$$$$00002712)
    __lit__00000000                          0x000000dc   Data           4  entry2.o(.ARM.Collect$$$$00002712)
    .text                                    0x000000e0   Section       36  startup_lpc17xx.o(.text)
    .text                                    0x00000104   Section        0  main.o(.text)
    .text                                    0x000001a4   Section        0  uldiv.o(.text)
    .text                                    0x00000206   Section        0  llshl.o(.text)
    .text                                    0x00000224   Section        0  llushr.o(.text)
    .text                                    0x00000244   Section       36  init.o(.text)
    i.__scatterload_copy                     0x00000268   Section       14  handlers.o(i.__scatterload_copy)
    i.__scatterload_null                     0x00000276   Section        2  handlers.o(i.__scatterload_null)
    i.__scatterload_zeroinit                 0x00000278   Section       14  handlers.o(i.__scatterload_zeroinit)
    .constdata                               0x00000288   Section       40  rtx_config.o(.constdata)
    __tagsym$$used                           0x0000029c   Number         0  rtx_config.o(.constdata)
    __tagsym$$used                           0x000002a0   Number         0  rtx_config.o(.constdata)
    .ARM.__at_0x02FC                         0x000002fc   Section        4  startup_lpc17xx.o(.ARM.__at_0x02FC)
    .text                                    0x00000300   Section        0  uart.o(.text)
    NVIC_EnableIRQ                           0x00000659   Thumb Code    24  uart.o(.text)
    .text                                    0x000006ac   Section        0  system_lpc17xx.o(.text)
    .data                                    0x10000000   Section       32  uart.o(.data)
    .data                                    0x10000020   Section        4  system_lpc17xx.o(.data)
    .bss                                     0x10000024   Section      128  uart.o(.bss)
    STACK                                    0x100000a8   Section     8192  startup_lpc17xx.o(STACK)

    Global Symbols

    Symbol Name                              Value     Ov Type        Size  Object(Section)

    BuildAttributes$$THM_ISAv4$P$D$K$B$S$PE$A:L22UL41UL21$X:L11$S22US41US21$IEEE1$IW$USESV6$~STKCKD$USESV7$~SHL$OSPACE$EBA8$MICROLIB$REQ8$PRES8$EABIv2 0x00000000   Number         0  anon$$obj.o ABSOLUTE
    __ARM_use_no_argv                        0x00000000   Number         0  main.o ABSOLUTE
    __Vectors                                0x00000000   Data           4  startup_lpc17xx.o(RESET)
    __decompress                              - Undefined Weak Reference
    _clock_init                               - Undefined Weak Reference
    __main                                   0x000000cd   Thumb Code     0  entry.o(.ARM.Collect$$$$00000000)
    _main_stk                                0x000000cd   Thumb Code     0  entry2.o(.ARM.Collect$$$$00000001)
    _main_scatterload                        0x000000d1   Thumb Code     0  entry5.o(.ARM.Collect$$$$00000004)
    __main_after_scatterload                 0x000000d5   Thumb Code     0  entry5.o(.ARM.Collect$$$$00000004)
    _main_clock                              0x000000d5   Thumb Code     0  entry7b.o(.ARM.Collect$$$$00000008)
    _main_init                               0x000000d5   Thumb Code     0  entry8.o(.ARM.Collect$$$$00000009)
    Reset_Handler                            0x000000e1   Thumb Code     8  startup_lpc17xx.o(.text)
    NMI_Handler                              0x000000e9   Thumb Code     2  startup_lpc17xx.o(.text)
    HardFault_Handler                        0x000000eb   Thumb Code     2  startup_lpc17xx.o(.text)
    MemManage_Handler                        0x000000ed   Thumb Code     2  startup_lpc17xx.o(.text)
    BusFault_Handler                         0x000000ef   Thumb Code     2  startup_lpc17xx.o(.text)
    UsageFault_Handler                       0x000000f1   Thumb Code     2  startup_lpc17xx.o(.text)
    SVC_Handler                              0x000000f3   Thumb Code     2  startup_lpc17xx.o(.text)
    DebugMon_Handler                         0x000000f5   Thumb Code     2  startup_lpc17xx.o(.text)
    PendSV_Handler                           0x000000f7   Thumb Code     2  startup_lpc17xx.o(.text)
    SysTick_Handler                          0x000000f9   Thumb Code     2  startup_lpc17xx.o(.text)
    ADC_IRQHandler                           0x000000fb   Thumb Code     0  startup_lpc17xx.o(.text)
    BOD_IRQHandler                           0x000000fb   Thumb Code     0  startup_lpc17xx.o(.text)
    CANActivity_IRQHandler                   0x000000fb   Thumb Code     0  startup_lpc17xx.o(.text)
    CAN_IRQHandler                           0x000000fb   Thumb Code     0  startup_lpc17xx.o(.text)
    DMA_IRQHandler                           0x000000fb   Thumb Code     0  startup_lpc17xx.o(.text)
    EINT0_IRQHandler                         0x000000fb   Thumb Code     0  startup_lpc17xx.o(.text)
    EINT1_IRQHandler                         0x000000fb   Thumb Code     0  startup_lpc17xx.o(.text)
    EINT2_IRQHandler                         0x000000fb   Thumb Code     0  startup_lpc17xx.o(.text)
    EINT3_IRQHandler                         0x000000fb   Thumb Code     0  startup_lpc17xx.o(.text)
    ENET_IRQHandler                          0x000000fb   Thumb Code     0  startup_lpc17xx.o(.text)
    I2C0_IRQHandler                          0x000000fb   Thumb Code     0  startup_lpc17xx.o(.text)
    I2C1_IRQHandler                          0x000000fb   Thumb Code     0  startup_lpc17xx.o(.text)
    I2C2_IRQHandler                          0x000000fb   Thumb Code     0  startup_lpc17xx.o(.text)
    I2S_IRQHandler                           0x000000fb   Thumb Code     0  startup_lpc17xx.o(.text)
    MCPWM_IRQHandler                         0x000000fb   Thumb Code     0  startup_lpc17xx.o(.text)
    PLL0_IRQHandler                          0x000000fb   Thumb Code     0  startup_lpc17xx.o(.text)
    PLL1_IRQHandler                          0x000000fb   Thumb Code     0  startup_lpc17xx.o(.text)
    PWM1_IRQHandler                          0x000000fb   Thumb Code     0  startup_lpc17xx.o(.text)
    QEI_IRQHandler                           0x000000fb   Thumb Code     0  startup_lpc17xx.o(.text)
    RIT_IRQHandler                           0x000000fb   Thumb Code     0  startup_lpc17xx.o(.text)
    RTC_IRQHandler                           0x000000fb   Thumb Code     0  startup_lpc17xx.o(.text)
    SPI_IRQHandler                           0x000000fb   Thumb Code     0  startup_lpc17xx.o(.text)
    SSP0_IRQHandler                          0x000000fb   Thumb Code     0  startup_lpc17xx.o(.text)
    SSP1_IRQHandler                          0x000000fb   Thumb Code     0  startup_lpc17xx.o(.text)
    TIMER0_IRQHandler                        0x000000fb   Thumb Code     0  startup_lpc17xx.o(.text)
    TIMER1_IRQHandler                        0x000000fb   Thumb Code     0  startup_lpc17xx.o(.text)
    TIMER2_IRQHandler                        0x000000fb   Thumb Code     0  startup_lpc17xx.o(.text)
    TIMER3_IRQHandler                        0x000000fb   Thumb Code     0  startup_lpc17xx.o(.text)
    UART2_IRQHandler                         0x000000fb   Thumb Code     0  startup_lpc17xx.o(.text)
    UART3_IRQHandler                         0x000000fb   Thumb Code     0  startup_lpc17xx.o(.text)
    USBActivity_IRQHandler                   0x000000fb   Thumb Code     0  startup_lpc17xx.o(.text)
    USB_IRQHandler                           0x000000fb   Thumb Code     0  startup_lpc17xx.o(.text)
    WDT_IRQHandler                           0x000000fb   Thumb Code     0  startup_lpc17xx.o(.text)
    ledDisplay                               0x00000105   Thumb Code   142  main.o(.text)
    main                                     0x00000193   Thumb Code    12  main.o(.text)
    __aeabi_uldivmod                         0x000001a5   Thumb Code    98  uldiv.o(.text)
    __aeabi_llsl                             0x00000207   Thumb Code    30  llshl.o(.text)
    _ll_shift_l                              0x00000207   Thumb Code     0  llshl.o(.text)
    __aeabi_llsr                             0x00000225   Thumb Code    32  llushr.o(.text)
    _ll_ushift_r                             0x00000225   Thumb Code     0  llushr.o(.text)
    __scatterload                            0x00000245   Thumb Code    28  init.o(.text)
    __scatterload_rt2                        0x00000245   Thumb Code     0  init.o(.text)
    __scatterload_copy                       0x00000269   Thumb Code    14  handlers.o(i.__scatterload_copy)
    __scatterload_null                       0x00000277   Thumb Code     2  handlers.o(i.__scatterload_null)
    __scatterload_zeroinit                   0x00000279   Thumb Code    14  handlers.o(i.__scatterload_zeroinit)
    os_maxtaskrun                            0x00000288   Data           2  rtx_config.o(.constdata)
    os_stackinfo                             0x0000028c   Data           4  rtx_config.o(.constdata)
    os_rrobin                                0x00000290   Data           4  rtx_config.o(.constdata)
    os_trv                                   0x00000294   Data           4  rtx_config.o(.constdata)
    os_flags                                 0x00000298   Data           1  rtx_config.o(.constdata)
    os_clockrate                             0x0000029c   Data           4  rtx_config.o(.constdata)
    os_timernum                              0x000002a0   Data           4  rtx_config.o(.constdata)
    mp_tcb_size                              0x000002a4   Data           2  rtx_config.o(.constdata)
    mp_stk_size                              0x000002a8   Data           4  rtx_config.o(.constdata)
    os_fifo_size                             0x000002ac   Data           1  rtx_config.o(.constdata)
    mp_tmr_size                              0x000002ae   Data           2  rtx_config.o(.constdata)
    Region$$Table$$Base                      0x000002b0   Number         0  anon$$obj.o(Region$$Table)
    Region$$Table$$Limit                     0x000002d0   Number         0  anon$$obj.o(Region$$Table)
    Free                                     0x00000301   Thumb Code     6  uart.o(.text)
    Lock                                     0x00000307   Thumb Code    28  uart.o(.text)
    LockRcv                                  0x00000323   Thumb Code    28  uart.o(.text)
    LockSnd                                  0x0000033f   Thumb Code    28  uart.o(.text)
    FreeRcv                                  0x0000035b   Thumb Code    28  uart.o(.text)
    FreeSnd                                  0x00000377   Thumb Code    28  uart.o(.text)
    UART0_IRQHandler                         0x00000393   Thumb Code    86  uart.o(.text)
    UART1_IRQHandler                         0x000003e9   Thumb Code    88  uart.o(.text)
    getFrequency                             0x00000441   Thumb Code    64  uart.o(.text)
    UARTInit                                 0x00000481   Thumb Code   176  uart.o(.text)
    UARTSend                                 0x00000531   Thumb Code   112  uart.o(.text)
    UARTSendChar                             0x000005a1   Thumb Code    24  uart.o(.text)
    UARTRecieve                              0x000005b9   Thumb Code   134  uart.o(.text)
    UARTReceiveChar                          0x0000063f   Thumb Code    26  uart.o(.text)
    SystemCoreClockUpdate                    0x000006ad   Thumb Code   424  system_lpc17xx.o(.text)
    SystemInit                               0x00000855   Thumb Code   290  system_lpc17xx.o(.text)
    ITM_RxBuffer                             0x10000000   Data           4  uart.o(.data)
    UART0TxEmpty                             0x10000004   Data           1  uart.o(.data)
    UART1TxEmpty                             0x10000005   Data           1  uart.o(.data)
    UART0Count                               0x10000008   Data           4  uart.o(.data)
    UART1Count                               0x1000000c   Data           4  uart.o(.data)
    i                                        0x10000010   Data           4  uart.o(.data)
    UART0Status                              0x10000014   Data           4  uart.o(.data)
    UART1Status                              0x10000018   Data           4  uart.o(.data)
    RcvLock0                                 0x1000001c   Data           1  uart.o(.data)
    SndLock0                                 0x1000001d   Data           1  uart.o(.data)
    RcvLock1                                 0x1000001e   Data           1  uart.o(.data)
    SndLock1                                 0x1000001f   Data           1  uart.o(.data)
    SystemCoreClock                          0x10000020   Data           4  system_lpc17xx.o(.data)
    UART0Buffer                              0x10000024   Data          64  uart.o(.bss)
    UART1Buffer                              0x10000064   Data          64  uart.o(.bss)
    __initial_sp                             0x100020a8   Data           0  startup_lpc17xx.o(STACK)



==============================================================================

Memory Map of the image

  Image Entry point : 0x000000cd

  Load Region LR_IROM1 (Base: 0x00000000, Size: 0x000009e8, Max: 0x00080000, ABSOLUTE)

    Execution Region ER_IROM1 (Base: 0x00000000, Size: 0x000009c4, Max: 0x00080000, ABSOLUTE)

    Base Addr    Size         Type   Attr      Idx    E Section Name        Object

    0x00000000   0x000000cc   Data   RO            3    RESET               startup_lpc17xx.o
    0x000000cc   0x00000000   Code   RO          244  * .ARM.Collect$$$$00000000  mc_w.l(entry.o)
    0x000000cc   0x00000004   Code   RO          249    .ARM.Collect$$$$00000001  mc_w.l(entry2.o)
    0x000000d0   0x00000004   Code   RO          252    .ARM.Collect$$$$00000004  mc_w.l(entry5.o)
    0x000000d4   0x00000000   Code   RO          254    .ARM.Collect$$$$00000008  mc_w.l(entry7b.o)
    0x000000d4   0x00000008   Code   RO          255    .ARM.Collect$$$$00000009  mc_w.l(entry8.o)
    0x000000dc   0x00000004   Code   RO          250    .ARM.Collect$$$$00002712  mc_w.l(entry2.o)
    0x000000e0   0x00000024   Code   RO            5    .text               startup_lpc17xx.o
    0x00000104   0x000000a0   Code   RO          200    .text               main.o
    0x000001a4   0x00000062   Code   RO          247    .text               mc_w.l(uldiv.o)
    0x00000206   0x0000001e   Code   RO          256    .text               mc_w.l(llshl.o)
    0x00000224   0x00000020   Code   RO          258    .text               mc_w.l(llushr.o)
    0x00000244   0x00000024   Code   RO          260    .text               mc_w.l(init.o)
    0x00000268   0x0000000e   Code   RO          264    i.__scatterload_copy  mc_w.l(handlers.o)
    0x00000276   0x00000002   Code   RO          265    i.__scatterload_null  mc_w.l(handlers.o)
    0x00000278   0x0000000e   Code   RO          266    i.__scatterload_zeroinit  mc_w.l(handlers.o)
    0x00000286   0x00000002   PAD
    0x00000288   0x00000028   Data   RO          150    .constdata          rtx_config.o
    0x000002b0   0x00000020   Data   RO          262    Region$$Table       anon$$obj.o
    0x000002d0   0x0000002c   PAD
    0x000002fc   0x00000004   Code   RO            4    .ARM.__at_0x02FC    startup_lpc17xx.o
    0x00000300   0x000003ac   Code   RO          173    .text               uart.o
    0x000006ac   0x00000318   Code   RO          220    .text               system_lpc17xx.o


    Execution Region RW_IRAM1 (Base: 0x10000000, Size: 0x000020a8, Max: 0x00008000, ABSOLUTE)

    Base Addr    Size         Type   Attr      Idx    E Section Name        Object

    0x10000000   0x00000020   Data   RW          175    .data               uart.o
    0x10000020   0x00000004   Data   RW          221    .data               system_lpc17xx.o
    0x10000024   0x00000080   Zero   RW          174    .bss                uart.o
    0x100000a4   0x00000004   PAD
    0x100000a8   0x00002000   Zero   RW            1    STACK               startup_lpc17xx.o


==============================================================================

Image component sizes


      Code (inc. data)   RO Data    RW Data    ZI Data      Debug   Object Name

         0          0          0          0          0       4232   glcd_scroll.o
         0          0          0          0          0      16644   glcd_spi_lpc1700.o
       160          6          0          0          0        958   main.o
         0          0         40          0          0       7907   rtx_config.o
        40         12        204          0       8192        840   startup_lpc17xx.o
       792         78          0          4          0        993   system_lpc17xx.o
       940         60          0         32        128      28855   uart.o

    ----------------------------------------------------------------------
      1932        156        320         36       8324      60429   Object Totals
         0          0         32          0          0          0   (incl. Generated)
         0          0         44          0          4          0   (incl. Padding)

    ----------------------------------------------------------------------

      Code (inc. data)   RO Data    RW Data    ZI Data      Debug   Library Member Name

         0          0          0          0          0          0   entry.o
         8          4          0          0          0          0   entry2.o
         4          0          0          0          0          0   entry5.o
         0          0          0          0          0          0   entry7b.o
         8          4          0          0          0          0   entry8.o
        30          0          0          0          0          0   handlers.o
        36          8          0          0          0         68   init.o
        30          0          0          0          0         68   llshl.o
        32          0          0          0          0         68   llushr.o
        98          0          0          0          0         92   uldiv.o

    ----------------------------------------------------------------------
       248         16          0          0          0        296   Library Totals
         2          0          0          0          0          0   (incl. Padding)

    ----------------------------------------------------------------------

      Code (inc. data)   RO Data    RW Data    ZI Data      Debug   Library Name

       246         16          0          0          0        296   mc_w.l

    ----------------------------------------------------------------------
       248         16          0          0          0        296   Library Totals

    ----------------------------------------------------------------------

==============================================================================


      Code (inc. data)   RO Data    RW Data    ZI Data      Debug   

      2180        172        320         36       8324      60413   Grand Totals
      2180        172        320         36       8324      60413   ELF Image Totals
      2180        172        320         36          0          0   ROM Totals

==============================================================================

    Total RO  Size (Code + RO Data)                 2500 (   2.44kB)
    Total RW  Size (RW Data + ZI Data)              8360 (   8.16kB)
    Total ROM Size (Code + RO Data + RW Data)       2536 (   2.48kB)

==============================================================================

